// Jest Snapshot v1, https://goo.gl/fbAQLP

exports[`App snapshot rendering 1`] = `ShallowWrapper {}`;
